// Jest Snapshot v1, https://goo.gl/fbAQLP

exports[`tests the details of an article  tests if article details is not null 1`] = `
Object {
  "asFragment": [Function],
  "baseElement": <body>
    <div>
      <div
        class="detail_container"
      >
        <div
          class="wrapper"
        >
          <div
            class="heading"
          >
            <img
              alt="Coca-Cola stock jumps as strong sales of Coke Zero Sugar continue to drive revenue growth - CNBC"
              class="image"
              data-testid="image"
              src="https://image.cnbcfm.com/api/v1/image/105375236-1533317591071rtx6drjw.jpg?v=1571332846"
            />
            <div>
              <h2
                class="title"
                data-testid="title"
              >
                Coca-Cola stock jumps as strong sales of Coke Zero Sugar continue to drive revenue growth - CNBC
              </h2>
              <div
                data-testid="source"
              >
                CNBC
              </div>
            </div>
          </div>
          <div>
            <p
              class="description"
              data-testid="description"
            >
              Coca-Cola on Friday reported quarterly earnings that met analysts' expectations.
            </p>
            <p
              class="content"
              data-testid="content"
            >
              Coca-Cola on Friday reported quarterly revenue.
            </p>
            <div
              class="author"
              data-testid="author"
            >
              Writter by 
              Amelia Lucas
            </div>
          </div>
          <div
            class="url"
          >
            <a
              data-testid="article_url"
              href="https://www.cnbc.com/2019/10/18/coca-cola-ko-earnings-q3-2019.html"
            >
              https://www.cnbc.com/2019/10/18/coca-cola-ko-earnings-q3-2019.html
            </a>
          </div>
        </div>
      </div>
    </div>
  </body>,
  "container": <div>
    <div
      class="detail_container"
    >
      <div
        class="wrapper"
      >
        <div
          class="heading"
        >
          <img
            alt="Coca-Cola stock jumps as strong sales of Coke Zero Sugar continue to drive revenue growth - CNBC"
            class="image"
            data-testid="image"
            src="https://image.cnbcfm.com/api/v1/image/105375236-1533317591071rtx6drjw.jpg?v=1571332846"
          />
          <div>
            <h2
              class="title"
              data-testid="title"
            >
              Coca-Cola stock jumps as strong sales of Coke Zero Sugar continue to drive revenue growth - CNBC
            </h2>
            <div
              data-testid="source"
            >
              CNBC
            </div>
          </div>
        </div>
        <div>
          <p
            class="description"
            data-testid="description"
          >
            Coca-Cola on Friday reported quarterly earnings that met analysts' expectations.
          </p>
          <p
            class="content"
            data-testid="content"
          >
            Coca-Cola on Friday reported quarterly revenue.
          </p>
          <div
            class="author"
            data-testid="author"
          >
            Writter by 
            Amelia Lucas
          </div>
        </div>
        <div
          class="url"
        >
          <a
            data-testid="article_url"
            href="https://www.cnbc.com/2019/10/18/coca-cola-ko-earnings-q3-2019.html"
          >
            https://www.cnbc.com/2019/10/18/coca-cola-ko-earnings-q3-2019.html
          </a>
        </div>
      </div>
    </div>
  </div>,
  "debug": [Function],
  "findAllByAltText": [Function],
  "findAllByDisplayValue": [Function],
  "findAllByLabelText": [Function],
  "findAllByPlaceholderText": [Function],
  "findAllByRole": [Function],
  "findAllByTestId": [Function],
  "findAllByText": [Function],
  "findAllByTitle": [Function],
  "findByAltText": [Function],
  "findByDisplayValue": [Function],
  "findByLabelText": [Function],
  "findByPlaceholderText": [Function],
  "findByRole": [Function],
  "findByTestId": [Function],
  "findByText": [Function],
  "findByTitle": [Function],
  "getAllByAltText": [Function],
  "getAllByDisplayValue": [Function],
  "getAllByLabelText": [Function],
  "getAllByPlaceholderText": [Function],
  "getAllByRole": [Function],
  "getAllByTestId": [Function],
  "getAllByText": [Function],
  "getAllByTitle": [Function],
  "getByAltText": [Function],
  "getByDisplayValue": [Function],
  "getByLabelText": [Function],
  "getByPlaceholderText": [Function],
  "getByRole": [Function],
  "getByTestId": [Function],
  "getByText": [Function],
  "getByTitle": [Function],
  "queryAllByAltText": [Function],
  "queryAllByDisplayValue": [Function],
  "queryAllByLabelText": [Function],
  "queryAllByPlaceholderText": [Function],
  "queryAllByRole": [Function],
  "queryAllByTestId": [Function],
  "queryAllByText": [Function],
  "queryAllByTitle": [Function],
  "queryByAltText": [Function],
  "queryByDisplayValue": [Function],
  "queryByLabelText": [Function],
  "queryByPlaceholderText": [Function],
  "queryByRole": [Function],
  "queryByTestId": [Function],
  "queryByText": [Function],
  "queryByTitle": [Function],
  "rerender": [Function],
  "unmount": [Function],
}
`;
